4 3
4 3
3 2
5 1
Queue is empty.
Queue is empty.
